Detected Token: INT
Detected Token: IDENTIFIER
Detected Token: ASSIGN
Detected Token: INTEGER_VALUE
Detected Token: INT
Detected Token: IDENTIFIER
Detected Token: FLOAT
Detected Token: IDENTIFIER
Detected Token: ASSIGN
Detected Token: FLOAT_VALUE
Detected Token: CHAR
Detected Token: IDENTIFIER
Detected Token: ASSIGN
Detected Token: CHAR_VALUE
Detected Token: STRING
Detected Token: IDENTIFIER
Detected Token: ASSIGN
Detected Token: STRING_VALUE
Detected Token: BOOL
Detected Token: IDENTIFIER
Detected Token: ASSIGN
Detected Token: BOOL_VALUE: true
Detected Token: CONSTANT
Detected Token: INT
Detected Token: IDENTIFIER
Detected Token: ASSIGN
Detected Token: INTEGER_VALUE
Detected Token: CONSTANT
Detected Token: FLOAT
Detected Token: IDENTIFIER
Detected Token: ASSIGN
Detected Token: FLOAT_VALUE
Detected Token: CONSTANT
Detected Token: CHAR
Detected Token: IDENTIFIER
Detected Token: ASSIGN
Detected Token: CHAR_VALUE
Detected Token: CONSTANT
Detected Token: STRING
Detected Token: IDENTIFIER
Detected Token: ASSIGN
Detected Token: STRING_VALUE
Detected Token: CONSTANT
Detected Token: BOOL
Detected Token: IDENTIFIER
Detected Token: ASSIGN
Detected Token: BOOL_VALUE: false
Detected Token: IDENTIFIER
Detected Token: ASSIGN
Detected Token: INTEGER_VALUE
Detected Token: IDENTIFIER
Detected Token: ASSIGN
Detected Token: IDENTIFIER
Detected Token: ADD
Detected Token: FLOAT_VALUE
Detected Token: MUL
Detected Token: PRE_POST_INC
Detected Token: IDENTIFIER
Detected Token: DIV
Detected Token: INTEGER_VALUE
Detected Token: IDENTIFIER
Detected Token: PRE_POST_INC
Detected Token: PRE_POST_INC
Detected Token: IDENTIFIER
Detected Token: IDENTIFIER
Detected Token: PRE_POST_DEC
Detected Token: PRE_POST_DEC
Detected Token: IDENTIFIER
Detected Token: PRE_POST_INC
Detected Token: IDENTIFIER
Detected Token: PRE_POST_DEC
Detected Token: IDENTIFIER
Detected Token: IDENTIFIER
Detected Token: ASSIGN
Detected Token: CHAR_VALUE
Detected Token: INT
Detected Token: IDENTIFIER
Detected Token: ASSIGN
Detected Token: IDENTIFIER
Detected Token: ADD
Detected Token: IDENTIFIER
Detected Token: MUL
Detected Token: INTEGER_VALUE
Detected Token: SUB
Detected Token: IDENTIFIER
Detected Token: DIV
Detected Token: INTEGER_VALUE
Detected Token: MOD
Detected Token: INTEGER_VALUE
Detected Token: FLOAT
Detected Token: IDENTIFIER
Detected Token: ASSIGN
Detected Token: FLOAT_VALUE
Detected Token: ADD
Detected Token: IDENTIFIER
Detected Token: MUL
Detected Token: IDENTIFIER
Detected Token: ADD
Detected Token: IDENTIFIER
Detected Token: BOOL
Detected Token: IDENTIFIER
Detected Token: ASSIGN
Detected Token: IDENTIFIER
Detected Token: LOGICAL_AND
Detected Token: IDENTIFIER
Detected Token: LESS_THAN
Detected Token: IDENTIFIER
Detected Token: LOGICAL_OR
Detected Token: IDENTIFIER
Detected Token: EQUAL
Detected Token: INTEGER_VALUE
Detected Token: PRINT
Detected Token: IDENTIFIER
Detected Token: PRINT
Detected Token: IDENTIFIER
Detected Token: PRINT
Detected Token: STRING_VALUE
Detected Token: IF
Detected Token: IDENTIFIER
Detected Token: GREATER_THAN
Detected Token: IDENTIFIER
Detected Token: PRINT
Detected Token: STRING_VALUE
Detected Token: ELSE
Detected Token: PRINT
Detected Token: STRING_VALUE
Detected Token: IF
Detected Token: IDENTIFIER
Detected Token: EQUAL
Detected Token: INTEGER_VALUE
Detected Token: PRINT
Detected Token: STRING_VALUE
Detected Token: ELSE
Detected Token: IF
Detected Token: IDENTIFIER
Detected Token: LESS_THAN
Detected Token: INTEGER_VALUE
Detected Token: PRINT
Detected Token: STRING_VALUE
Detected Token: ELSE
Detected Token: PRINT
Detected Token: STRING_VALUE
Detected Token: WHILE
Detected Token: IDENTIFIER
Detected Token: GREATER_THAN
Detected Token: INTEGER_VALUE
Detected Token: PRINT
Detected Token: IDENTIFIER
Detected Token: IDENTIFIER
Detected Token: PRE_POST_DEC
Detected Token: IF
Detected Token: IDENTIFIER
Detected Token: EQUAL
Detected Token: INTEGER_VALUE
Detected Token: BREAK
Detected Token: IF
Detected Token: IDENTIFIER
Detected Token: EQUAL
Detected Token: INTEGER_VALUE
Detected Token: CONTINUE
Detected Token: DO
Detected Token: IDENTIFIER
Detected Token: PRE_POST_DEC
Detected Token: PRINT
Detected Token: IDENTIFIER
Detected Token: WHILE
Detected Token: IDENTIFIER
Detected Token: GREATER_THAN
Detected Token: INTEGER_VALUE
Detected Token: FOR
Detected Token: INT
Detected Token: IDENTIFIER
Detected Token: ASSIGN
Detected Token: INTEGER_VALUE
Detected Token: IDENTIFIER
Detected Token: LESS_THAN
Detected Token: INTEGER_VALUE
Detected Token: IDENTIFIER
Detected Token: PRE_POST_INC
Detected Token: IF
Detected Token: IDENTIFIER
Detected Token: MOD
Detected Token: INTEGER_VALUE
Detected Token: EQUAL
Detected Token: INTEGER_VALUE
Detected Token: CONTINUE
Detected Token: IF
Detected Token: IDENTIFIER
Detected Token: EQUAL
Detected Token: INTEGER_VALUE
Detected Token: BREAK
Detected Token: PRINT
Detected Token: IDENTIFIER
Detected Token: SWITCH
Detected Token: IDENTIFIER
Detected Token: CASE
Detected Token: INTEGER_VALUE
Detected Token: PRINT
Detected Token: STRING_VALUE
Detected Token: BREAK
Detected Token: CASE
Detected Token: INTEGER_VALUE
Detected Token: PRINT
Detected Token: STRING_VALUE
Detected Token: BREAK
Detected Token: DEFAULT
Detected Token: PRINT
Detected Token: STRING_VALUE
Detected Token: INT
Detected Token: IDENTIFIER
Detected Token: INT
Detected Token: IDENTIFIER
Detected Token: INT
Detected Token: IDENTIFIER
Detected Token: RETURN
Detected Token: IDENTIFIER
Detected Token: ADD
Detected Token: IDENTIFIER
Detected Token: FLOAT
Detected Token: IDENTIFIER
Detected Token: FLOAT
Detected Token: IDENTIFIER
Detected Token: INT
Detected Token: IDENTIFIER
Detected Token: RETURN
Detected Token: IDENTIFIER
Detected Token: MUL
Detected Token: IDENTIFIER
Detected Token: VOID
Detected Token: IDENTIFIER
Detected Token: PRINT
Detected Token: STRING_VALUE
Detected Token: INT
Detected Token: IDENTIFIER
Detected Token: ASSIGN
Detected Token: IDENTIFIER
Detected Token: IDENTIFIER
Detected Token: IDENTIFIER
Detected Token: FLOAT
Detected Token: IDENTIFIER
Detected Token: ASSIGN
Detected Token: IDENTIFIER
Detected Token: FLOAT_VALUE
Detected Token: INTEGER_VALUE
Detected Token: IDENTIFIER
Detected Token: INT
Detected Token: IDENTIFIER
Detected Token: VOID
Detected Token: IDENTIFIER
Detected Token: PRINT
Detected Token: STRING_VALUE
